###############################################################################
#
# IAR ELF Linker V9.30.1.335/W64 for ARM                  15/Nov/2022  03:04:50
# Copyright 2007-2022 IAR Systems AB.
#
#    Output file  =
#        D:\OneDrive - Hanoi University of Science and
#        Technology\Desktop\C_Embedded_Fsoft\MCU_Project\Test\project\Debug\Exe\test.out
#    Map file     =
#        D:\OneDrive - Hanoi University of Science and
#        Technology\Desktop\C_Embedded_Fsoft\MCU_Project\Test\project\Debug\List\test.map
#    Command line =
#        -f "D:\OneDrive - Hanoi University of Science and
#        Technology\Desktop\C_Embedded_Fsoft\MCU_Project\Test\project\Debug\Exe\test.out.rsp"
#        ("D:\OneDrive - Hanoi University of Science and
#        Technology\Desktop\C_Embedded_Fsoft\MCU_Project\Test\project\Debug\Obj\library\application\app.o"
#        "D:\OneDrive - Hanoi University of Science and
#        Technology\Desktop\C_Embedded_Fsoft\MCU_Project\Test\project\Debug\Obj\library\driver\driver.o"
#        "D:\OneDrive - Hanoi University of Science and
#        Technology\Desktop\C_Embedded_Fsoft\MCU_Project\Test\project\Debug\Obj\source\main.o"
#        "D:\OneDrive - Hanoi University of Science and
#        Technology\Desktop\C_Embedded_Fsoft\MCU_Project\Test\project\Debug\Obj\library\middleware\middleware.o"
#        "D:\OneDrive - Hanoi University of Science and
#        Technology\Desktop\C_Embedded_Fsoft\MCU_Project\Test\project\Debug\Obj\library\queue_handle\queue.o"
#        "D:\OneDrive - Hanoi University of Science and
#        Technology\Desktop\C_Embedded_Fsoft\MCU_Project\Test\project\Debug\Obj\startup\startup_MKL46Z4.o"
#        "D:\OneDrive - Hanoi University of Science and
#        Technology\Desktop\C_Embedded_Fsoft\MCU_Project\Test\project\Debug\Obj\library\string_handle\string_handle.o"
#        "D:\OneDrive - Hanoi University of Science and
#        Technology\Desktop\C_Embedded_Fsoft\MCU_Project\Test\project\Debug\Obj\startup\system_MKL46Z4.o"
#        "D:\OneDrive - Hanoi University of Science and
#        Technology\Desktop\C_Embedded_Fsoft\MCU_Project\Test\project\Debug\Obj\library\uart0_handle\uart0_handle.o"
#        "D:\OneDrive - Hanoi University of Science and
#        Technology\Desktop\C_Embedded_Fsoft\MCU_Project\Test\project\Debug\Obj\library\flash\write_flash.o"
#        --no_out_extension -o "D:\OneDrive - Hanoi University of Science and
#        Technology\Desktop\C_Embedded_Fsoft\MCU_Project\Test\project\Debug\Exe\test.out"
#        --map "D:\OneDrive - Hanoi University of Science and
#        Technology\Desktop\C_Embedded_Fsoft\MCU_Project\Test\project\Debug\List\test.map"
#        --config "C:\Program Files\IAR Systems\Embedded Workbench
#        9.1\arm/config/linker/NXP/MKL46Z256xxx4.icf" --semihosting --entry
#        __iar_program_start --vfe --text_out locale --cpu=Cortex-M0+
#        --fpu=None)
#
###############################################################################

*******************************************************************************
*** RUNTIME MODEL ATTRIBUTES
***

CppFlavor       = *
__CPP_Runtime   = 1
__SystemLibrary = DLib
__dlib_version  = 6


*******************************************************************************
*** HEAP SELECTION
***

The basic heap was selected because --advanced_heap
was not specified and the application did not appear to
be primarily optimized for speed.


*******************************************************************************
*** PLACEMENT SUMMARY
***

"A0":  place at address 0x0 { ro section .intvec };
"P1":  place in [from 0x0 to 0x3ff] |
                [from 0x410 to 0x3'ffff] { ro };
define block CSTACK with size = 2K, alignment = 8 { };
define block HEAP with size = 4K, alignment = 8 { };
"P3":  place in [from 0x1fff'e000 to 0x1fff'ffff] |
                [from 0x2000'0000 to 0x2000'5fff] {
          rw, block CSTACK, block HEAP };
"P5":  place in [from 0x400 to 0x40f] { section FlashConfig };
initialize by copy { rw };

No sections matched the following patterns:

  ro section application_specific_ro  in "P2|P4"
  rw section application_specific_rw  in "P2|P4"


  Section            Kind         Address   Size  Object
  -------            ----         -------   ----  ------
"A0":                                       0xc0
  .intvec            ro code          0x0   0xc0  startup_MKL46Z4.o [9]
                                   - 0xc0   0xc0

"P1", part 1 of 2:                         0x154
  .text              ro code         0xc0   0xa0  write_flash.o [3]
  .text              ro code        0x160   0x42  string_handle.o [6]
  .text              ro code        0x1a4   0x4e  ABImemcpy.o [11]
  .text              ro code        0x1f2    0x2  startup_MKL46Z4.o [9]
  .text              ro code        0x1f4    0x2  IntDivZer.o [11]
  Initializer bytes  const          0x1f8   0x1c  <for P3 s0>
                                  - 0x214  0x154

"P5":                                       0x10
  FlashConfig        ro code        0x400   0x10  startup_MKL46Z4.o [9]
                                  - 0x410   0x10

"P1", part 2 of 2:                         0x6b2
  .text              ro code        0x410  0x1b4  main.o [8]
  .text              ro code        0x5c4  0x184  system_MKL46Z4.o [9]
  .text              ro code        0x748  0x124  uart0_handle.o [7]
  .text              ro code        0x86c   0xae  I32DivModFast.o [11]
  .text              ro code        0x91a   0x30  copy_init3.o [11]
  .text              ro code        0x94a    0x2  startup_MKL46Z4.o [9]
  .text              ro code        0x94c   0x2c  iarttio.o [12]
  .text              ro code        0x978    0x8  XShttio.o [10]
  .text              ro code        0x980   0x28  data_init.o [11]
  .text              ro code        0x9a8   0x24  startup_MKL46Z4.o [9]
  .iar.init_table    const          0x9cc   0x14  - Linker created -
  .text              ro code        0x9e0   0x1e  cmain.o [11]
  .text              ro code        0x9fe    0x4  low_level_init.o [10]
  .text              ro code        0xa02    0x8  exit.o [10]
  .text              ro code        0xa0a    0x2  startup_MKL46Z4.o [9]
  .text              ro code        0xa0c    0xa  cexit.o [11]
  .text              ro code        0xa16    0x2  startup_MKL46Z4.o [9]
  .text              ro code        0xa18   0x14  exit.o [12]
  .text              ro code        0xa2c   0x1c  cstartup_M.o [11]
  .rodata            const          0xa48   0x10  uart0_handle.o [7]
  .text              ro code        0xa58    0x8  startup_MKL46Z4.o [9]
  .text              ro code        0xa60    0x8  startup_MKL46Z4.o [9]
  .text              ro code        0xa68    0x8  startup_MKL46Z4.o [9]
  .text              ro code        0xa70    0x8  startup_MKL46Z4.o [9]
  .text              ro code        0xa78    0x8  startup_MKL46Z4.o [9]
  .text              ro code        0xa80    0x8  startup_MKL46Z4.o [9]
  .text              ro code        0xa88    0x8  startup_MKL46Z4.o [9]
  .text              ro code        0xa90    0x8  startup_MKL46Z4.o [9]
  .text              ro code        0xa98    0x8  startup_MKL46Z4.o [9]
  .text              ro code        0xaa0    0x8  startup_MKL46Z4.o [9]
  .text              ro code        0xaa8    0x8  startup_MKL46Z4.o [9]
  .text              ro code        0xab0    0x8  startup_MKL46Z4.o [9]
  .text              ro code        0xab8    0x8  startup_MKL46Z4.o [9]
  .text              ro code        0xac0    0x2  startup_MKL46Z4.o [9]
  .rodata            const          0xac2    0x0  copy_init3.o [11]
                                  - 0xac2  0x6b2

"P3", part 1 of 2:                          0x1c
  P3 s0                       0x1fff'e000   0x1c  <Init block>
    .data            inited   0x1fff'e000    0x8  XShttio.o [10]
    .data            inited   0x1fff'e008    0x4  main.o [8]
    .data            inited   0x1fff'e00c    0x4  system_MKL46Z4.o [9]
    .bss             inited   0x1fff'e010    0x4  main.o [8]
    .bss             inited   0x1fff'e014    0x4  main.o [8]
    .bss             inited   0x1fff'e018    0x1  main.o [8]
    .bss             inited   0x1fff'e019    0x1  main.o [8]
                            - 0x1fff'e01c   0x1c

"P3", part 2 of 2:                         0x800
  CSTACK                      0x1fff'e020  0x800  <Block>
    CSTACK           uninit   0x1fff'e020  0x800  <Block tail>
                            - 0x1fff'e820  0x800

Unused ranges:

         From           To      Size
         ----           --      ----
        0x214        0x3ff     0x1ec
        0xac2     0x3'ffff  0x3'f53e
  0x1fff'e01c  0x1fff'e01f       0x4
  0x1fff'e820  0x1fff'ffff    0x17e0
  0x2000'0000  0x2000'5fff    0x6000


*******************************************************************************
*** INIT TABLE
***

          Address      Size
          -------      ----
Copy (__iar_copy_init3)
    1 source range, total size 0x1c (107% of destination):
                0x1f8  0x1c
    1 destination range, total size 0x1a:
          0x1fff'e000  0x1a



*******************************************************************************
*** MODULE SUMMARY
***

    Module             ro code  ro data  rw data
    ------             -------  -------  -------
command line/config:
    --------------------------------------------
    Total:

D:\OneDrive - Hanoi University of Science and Technology\Desktop\C_Embedded_Fsoft\MCU_Project\Test\project\Debug\Obj\library\application: [1]
    --------------------------------------------
    Total:

D:\OneDrive - Hanoi University of Science and Technology\Desktop\C_Embedded_Fsoft\MCU_Project\Test\project\Debug\Obj\library\driver: [2]
    --------------------------------------------
    Total:

D:\OneDrive - Hanoi University of Science and Technology\Desktop\C_Embedded_Fsoft\MCU_Project\Test\project\Debug\Obj\library\flash: [3]
    write_flash.o          160
    --------------------------------------------
    Total:                 160

D:\OneDrive - Hanoi University of Science and Technology\Desktop\C_Embedded_Fsoft\MCU_Project\Test\project\Debug\Obj\library\middleware: [4]
    --------------------------------------------
    Total:

D:\OneDrive - Hanoi University of Science and Technology\Desktop\C_Embedded_Fsoft\MCU_Project\Test\project\Debug\Obj\library\queue_handle: [5]
    --------------------------------------------
    Total:

D:\OneDrive - Hanoi University of Science and Technology\Desktop\C_Embedded_Fsoft\MCU_Project\Test\project\Debug\Obj\library\string_handle: [6]
    string_handle.o         66
    --------------------------------------------
    Total:                  66

D:\OneDrive - Hanoi University of Science and Technology\Desktop\C_Embedded_Fsoft\MCU_Project\Test\project\Debug\Obj\library\uart0_handle: [7]
    uart0_handle.o         292       16
    --------------------------------------------
    Total:                 292       16

D:\OneDrive - Hanoi University of Science and Technology\Desktop\C_Embedded_Fsoft\MCU_Project\Test\project\Debug\Obj\source: [8]
    main.o                 436       14       14
    --------------------------------------------
    Total:                 436       14       14

D:\OneDrive - Hanoi University of Science and Technology\Desktop\C_Embedded_Fsoft\MCU_Project\Test\project\Debug\Obj\startup: [9]
    startup_MKL46Z4.o      358
    system_MKL46Z4.o       388        4        4
    --------------------------------------------
    Total:                 746        4        4

dl6M_tln.a: [10]
    XShttio.o                8        8        8
    exit.o                   8
    low_level_init.o         4
    --------------------------------------------
    Total:                  20        8        8

rt6M_tl.a: [11]
    ABImemcpy.o             78
    I32DivModFast.o        174
    IntDivZer.o              2
    cexit.o                 10
    cmain.o                 30
    copy_init3.o            48
    cstartup_M.o            28
    data_init.o             40
    --------------------------------------------
    Total:                 410

shb_l.a: [12]
    exit.o                  20
    iarttio.o               44
    --------------------------------------------
    Total:                  64

    Gaps                     2
    Linker created                   24    2'048
------------------------------------------------
    Grand Total:         2'196       66    2'074


*******************************************************************************
*** ENTRY LIST
***

Entry                       Address   Size  Type      Object
-----                       -------   ----  ----      ------
.iar.init_table$$Base         0x9cc          --   Gb  - Linker created -
.iar.init_table$$Limit        0x9e0          --   Gb  - Linker created -
?main                         0x9e1         Code  Gb  cmain.o [11]
ADC0_IRQHandler               0xab9         Code  Wk  startup_MKL46Z4.o [9]
CMP0_IRQHandler               0xab9         Code  Wk  startup_MKL46Z4.o [9]
CSTACK$$Base            0x1fff'e020          --   Gb  - Linker created -
CSTACK$$Limit           0x1fff'e820          --   Gb  - Linker created -
Char2Dec                      0x161   0x42  Code  Gb  string_handle.o [6]
CopyFlashFuncToRam            0x579   0x24  Code  Gb  main.o [8]
DAC0_IRQHandler               0xab9         Code  Wk  startup_MKL46Z4.o [9]
DMA0_DriverIRQHandler         0xab9         Code  Wk  startup_MKL46Z4.o [9]
DMA0_IRQHandler               0xa59         Code  Wk  startup_MKL46Z4.o [9]
DMA1_DriverIRQHandler         0xab9         Code  Wk  startup_MKL46Z4.o [9]
DMA1_IRQHandler               0xa61         Code  Wk  startup_MKL46Z4.o [9]
DMA2_DriverIRQHandler         0xab9         Code  Wk  startup_MKL46Z4.o [9]
DMA2_IRQHandler               0xa69         Code  Wk  startup_MKL46Z4.o [9]
DMA3_DriverIRQHandler         0xab9         Code  Wk  startup_MKL46Z4.o [9]
DMA3_IRQHandler               0xa71         Code  Wk  startup_MKL46Z4.o [9]
DefaultISR                    0xab9         Code  Wk  startup_MKL46Z4.o [9]
Erase_Program                 0x113   0x28  Code  Gb  write_flash.o [3]
FTFA_IRQHandler               0xab9         Code  Wk  startup_MKL46Z4.o [9]
Flash_Program                  0xc1   0x52  Code  Gb  write_flash.o [3]
HardFault_Handler             0x94b         Code  Wk  startup_MKL46Z4.o [9]
I2C0_DriverIRQHandler         0xab9         Code  Wk  startup_MKL46Z4.o [9]
I2C0_IRQHandler               0xa79         Code  Wk  startup_MKL46Z4.o [9]
I2C1_DriverIRQHandler         0xab9         Code  Wk  startup_MKL46Z4.o [9]
I2C1_IRQHandler               0xa81         Code  Wk  startup_MKL46Z4.o [9]
I2S0_DriverIRQHandler         0xab9         Code  Wk  startup_MKL46Z4.o [9]
I2S0_IRQHandler               0xab1         Code  Wk  startup_MKL46Z4.o [9]
LCD_IRQHandler                0xab9         Code  Wk  startup_MKL46Z4.o [9]
LLWU_IRQHandler               0xab9         Code  Wk  startup_MKL46Z4.o [9]
LPTMR0_IRQHandler             0xab9         Code  Wk  startup_MKL46Z4.o [9]
LVD_LVW_IRQHandler            0xab9         Code  Wk  startup_MKL46Z4.o [9]
MCG_IRQHandler                0xab9         Code  Wk  startup_MKL46Z4.o [9]
NMI_Handler                   0x1f3         Code  Wk  startup_MKL46Z4.o [9]
NVIC_ClearPendingIRQ          0x411    0xe  Code  Lc  main.o [8]
NVIC_EnableIRQ                0x749    0xe  Code  Lc  uart0_handle.o [7]
PIT_IRQHandler                0xab9         Code  Wk  startup_MKL46Z4.o [9]
PORTA_IRQHandler              0xab9         Code  Wk  startup_MKL46Z4.o [9]
PORTC_PORTD_IRQHandler        0xab9         Code  Wk  startup_MKL46Z4.o [9]
PendSV_Handler                0xa17         Code  Wk  startup_MKL46Z4.o [9]
RTC_IRQHandler                0xab9         Code  Wk  startup_MKL46Z4.o [9]
RTC_Seconds_IRQHandler        0xab9         Code  Wk  startup_MKL46Z4.o [9]
Region$$Table$$Base           0x9cc          --   Gb  - Linker created -
Region$$Table$$Limit          0x9e0          --   Gb  - Linker created -
Reserved20_IRQHandler         0xab9         Code  Wk  startup_MKL46Z4.o [9]
Reset_Handler                 0x9a9         Code  Wk  startup_MKL46Z4.o [9]
SPI0_DriverIRQHandler         0xab9         Code  Wk  startup_MKL46Z4.o [9]
SPI0_IRQHandler               0xa89         Code  Wk  startup_MKL46Z4.o [9]
SPI1_DriverIRQHandler         0xab9         Code  Wk  startup_MKL46Z4.o [9]
SPI1_IRQHandler               0xa91         Code  Wk  startup_MKL46Z4.o [9]
SVC_Handler                   0xa0b         Code  Wk  startup_MKL46Z4.o [9]
SysTick_Handler               0xac1         Code  Wk  startup_MKL46Z4.o [9]
SystemCoreClock         0x1fff'e00c    0x4  Data  Gb  system_MKL46Z4.o [9]
SystemCoreClockUpdate         0x5cd  0x146  Code  Gb  system_MKL46Z4.o [9]
SystemInit                    0x5c5    0x8  Code  Gb  system_MKL46Z4.o [9]
TPM0_IRQHandler               0xab9         Code  Wk  startup_MKL46Z4.o [9]
TPM1_IRQHandler               0xab9         Code  Wk  startup_MKL46Z4.o [9]
TPM2_IRQHandler               0xab9         Code  Wk  startup_MKL46Z4.o [9]
TSI0_IRQHandler               0xab9         Code  Wk  startup_MKL46Z4.o [9]
UART0_DriverIRQHandler        0x43b  0x13e  Code  Gb  main.o [8]
UART0_IRQHandler              0xa99         Code  Wk  startup_MKL46Z4.o [9]
UART0_Init_9600               0x7ad   0x7a  Code  Gb  uart0_handle.o [7]
UART0_OutString               0x757   0x2c  Code  Gb  uart0_handle.o [7]
UART0_SetupReceiveINT         0x783   0x14  Code  Gb  uart0_handle.o [7]
UART0_Transmit                0x797   0x16  Code  Gb  uart0_handle.o [7]
UART1_DriverIRQHandler        0xab9         Code  Wk  startup_MKL46Z4.o [9]
UART1_IRQHandler              0xaa1         Code  Wk  startup_MKL46Z4.o [9]
UART2_DriverIRQHandler        0xab9         Code  Wk  startup_MKL46Z4.o [9]
UART2_IRQHandler              0xaa9         Code  Wk  startup_MKL46Z4.o [9]
USB0_IRQHandler               0xab9         Code  Wk  startup_MKL46Z4.o [9]
__Vectors                       0x0          --   Gb  startup_MKL46Z4.o [9]
__Vectors_End                  0xc0         Data  Gb  startup_MKL46Z4.o [9]
__Vectors_Size {Abs}           0xc0          --   Gb  startup_MKL46Z4.o [9]
__aeabi_idiv0                 0x1f5         Code  Gb  IntDivZer.o [11]
__aeabi_memcpy                0x1d9         Code  Gb  ABImemcpy.o [11]
__aeabi_memcpy4               0x1a5         Code  Gb  ABImemcpy.o [11]
__aeabi_memcpy8               0x1a5         Code  Gb  ABImemcpy.o [11]
__aeabi_uidiv                 0x86d         Code  Gb  I32DivModFast.o [11]
__aeabi_uidivmod              0x86d         Code  Gb  I32DivModFast.o [11]
__cmain                       0x9e1         Code  Gb  cmain.o [11]
__exit                        0xa19   0x14  Code  Gb  exit.o [12]
__iar_Memcpy                  0x1e5         Code  Gb  ABImemcpy.o [11]
__iar_close_ttio              0x94d   0x2c  Code  Gb  iarttio.o [12]
__iar_copy_init3              0x91b   0x30  Code  Gb  copy_init3.o [11]
__iar_data_init3              0x981   0x28  Code  Gb  data_init.o [11]
__iar_lookup_ttioh            0x979    0x8  Code  Gb  XShttio.o [10]
__iar_program_start           0xa2d         Code  Gb  cstartup_M.o [11]
__iar_ttio_handles      0x1fff'e000    0x8  Data  Lc  XShttio.o [10]
__low_level_init              0x9ff    0x4  Code  Gb  low_level_init.o [10]
__vector_table                  0x0         Data  Gb  startup_MKL46Z4.o [9]
__vector_table_0x1c            0x1c         Data  Gb  startup_MKL46Z4.o [9]
_call_main                    0x9ed         Code  Gb  cmain.o [11]
_exit                         0xa0d         Code  Gb  cexit.o [11]
address                 0x1fff'e008    0x4  Data  Gb  main.o [8]
count                   0x1fff'e019    0x1  Data  Gb  main.o [8]
data                    0x1fff'e018    0x1  Data  Gb  main.o [8]
enable_flash            0x1fff'e014    0x4  Data  Gb  main.o [8]
exit                          0xa03    0x8  Code  Gb  exit.o [10]
main                          0x41f   0x1c  Code  Gb  main.o [8]
temp                    0x1fff'e010    0x4  Data  Gb  main.o [8]


[1] = D:\OneDrive - Hanoi University of Science and Technology\Desktop\C_Embedded_Fsoft\MCU_Project\Test\project\Debug\Obj\library\application
[2] = D:\OneDrive - Hanoi University of Science and Technology\Desktop\C_Embedded_Fsoft\MCU_Project\Test\project\Debug\Obj\library\driver
[3] = D:\OneDrive - Hanoi University of Science and Technology\Desktop\C_Embedded_Fsoft\MCU_Project\Test\project\Debug\Obj\library\flash
[4] = D:\OneDrive - Hanoi University of Science and Technology\Desktop\C_Embedded_Fsoft\MCU_Project\Test\project\Debug\Obj\library\middleware
[5] = D:\OneDrive - Hanoi University of Science and Technology\Desktop\C_Embedded_Fsoft\MCU_Project\Test\project\Debug\Obj\library\queue_handle
[6] = D:\OneDrive - Hanoi University of Science and Technology\Desktop\C_Embedded_Fsoft\MCU_Project\Test\project\Debug\Obj\library\string_handle
[7] = D:\OneDrive - Hanoi University of Science and Technology\Desktop\C_Embedded_Fsoft\MCU_Project\Test\project\Debug\Obj\library\uart0_handle
[8] = D:\OneDrive - Hanoi University of Science and Technology\Desktop\C_Embedded_Fsoft\MCU_Project\Test\project\Debug\Obj\source
[9] = D:\OneDrive - Hanoi University of Science and Technology\Desktop\C_Embedded_Fsoft\MCU_Project\Test\project\Debug\Obj\startup
[10] = dl6M_tln.a
[11] = rt6M_tl.a
[12] = shb_l.a

  2'196 bytes of readonly  code memory
     66 bytes of readonly  data memory
  2'074 bytes of readwrite data memory

Errors: none
Warnings: none
